
> oasis-ai@1.0.0 build
> tsc && vite build

[36mvite v5.4.21 [32mbuilding for production...[36m[39m
transforming...
[32mΓ£ô[39m 3 modules transformed.
node.exe : [31mx[39m Build 
failed in 1.23s
At line:1 char:1
+ & "C:\Program 
Files\nodejs/node.exe" 
"C:\Program 
Files\nodejs/node_mo ...
+ ~~~~~~~~~~~~~~~~~~~~~~~~~~~
~~~~~~~~~~~~~~~~~~~~~~~~~~~~~
~~~~~~~~~~~~~
    + CategoryInfo           
   : NotSpecified: ([31mx  
  [39m Build failed in 1.2   
 3s:String) [], RemoteExc    
eption
    + FullyQualifiedErrorId  
   : NativeCommandError
 
[31merror during build:
[31m[vite:css] [postcss] C:/
Users/konam/.gemini/antigravi
ty/scratch/oasis-ai/src/index
.css:40:3: Unexpected }[31m
file: [36mC:/Users/konam/.ge
mini/antigravity/scratch/oasi
s-ai/src/index.css:40:2[31m
    at Input.error (C:\Users\
konam\.gemini\antigravity\scr
atch\oasis-ai\node_modules\po
stcss\lib\input.js:135:16)
    at 
Parser.unexpectedClose (C:\Us
ers\konam\.gemini\antigravity
\scratch\oasis-ai\node_module
s\postcss\lib\parser.js:587:2
2)
    at Parser.end (C:\Users\k
onam\.gemini\antigravity\scra
tch\oasis-ai\node_modules\pos
tcss\lib\parser.js:330:12)
    at Parser.parse (C:\Users
\konam\.gemini\antigravity\sc
ratch\oasis-ai\node_modules\p
ostcss\lib\parser.js:456:16)
    at parse (C:\Users\konam\
.gemini\antigravity\scratch\o
asis-ai\node_modules\postcss\
lib\parse.js:11:12)
    at new LazyResult (C:\Use
rs\konam\.gemini\antigravity\
scratch\oasis-ai\node_modules
\postcss\lib\lazy-result.js:1
65:16)
    at Processor.process (C:\
Users\konam\.gemini\antigravi
ty\scratch\oasis-ai\node_modu
les\postcss\lib\processor.js:
53:14)
    at compileCSS (file:///C:
/Users/konam/.gemini/antigrav
ity/scratch/oasis-ai/node_mod
ules/vite/dist/node/chunks/de
p-BK3b2jBa.js:36898:59)
    at async 
Object.transform (file:///C:/
Users/konam/.gemini/antigravi
ty/scratch/oasis-ai/node_modu
les/vite/dist/node/chunks/dep
-BK3b2jBa.js:36171:11)
    at async transform (file:
///C:/Users/konam/.gemini/ant
igravity/scratch/oasis-ai/nod
e_modules/rollup/dist/es/shar
ed/node-entry.js:21163:16)[3
9m
