src/pages/portal/ProfilePage.tsx(79,28): error TS2345: Argument of type '{ id: string; email: string; full_name: any; company_name: any; phone: string; avatar_url: null; created_at: string; }' is not assignable to parameter of type 'SetStateAction<Profile | null>'.
  Property 'role' is missing in type '{ id: string; email: string; full_name: any; company_name: any; phone: string; avatar_url: null; created_at: string; }' but required in type 'Profile'.
